// Jest Snapshot v1, https://goo.gl/fbAQLP

exports[`<ProgressBar /> should render primary color by default 1`] = `
.c0 {
  margin-top: 0.8rem;
  width: 100%;
}

.c1 {
  background: #030517;
  width: 100%;
  height: 1rem;
  border-radius: 1.6rem;
  position: relative;
}

.c1::after {
  content: "";
  background: #96A7FF;
  width: 80%;
  height: 1rem;
  border-radius: 1.6rem;
  position: absolute;
  background: #F9769D;
}

<div
  class="c0"
>
  <div
    aria-label="Progress Bar"
    class="c1"
    color="primary"
    role="progressbar"
  />
</div>
`;
